// Jest Snapshot v1, https://goo.gl/fbAQLP

exports[`App snapshot 1`] = `
<div>
  <div>
    Hello World!
  </div>
  <div>
    Hello World!
  </div>
  <div>
    Hello World!
  </div>
  <div>
    <img
      alt="example chat on a phone"
      src="test-file-stub"
    />
  </div>
</div>
`;
